Copyright 1986-2024 Advanced Micro Devices, Inc. All Rights Reserved.
------------------------------------------------------------------------------------
| Tool Version : Vivado v.2024.2 (lin64) Build 5239630 Fri Nov 08 22:34:34 MST 2024
| Date         : Mon Jul 28 10:15:02 2025
| Host         : fpga-ws01 running 64-bit Red Hat Enterprise Linux release 8.8
| Command      : report_utilization -file timing_analysis/raw/utilization_impl_1.rpt
| Design       : top
| Device       : xc7k325tffg900-2
| Design State : Routed
------------------------------------------------------------------------------------

Utilization Design Information

Table of Contents
-----------------
1. Slice Logic
2. Memory
3. DSP
4. IO and GT Specific
5. Clocking

1. Slice Logic
--------------

+----------------------------+--------+-------+-----------+-------+
|          Site Type         |  Used  | Fixed | Available | Util% |
+----------------------------+--------+-------+-----------+-------+
| Slice LUTs                 | 185458 |     0 |    203800 | 91.00 |
|   LUT as Logic             | 170000 |     0 |    203800 | 83.42 |
|   LUT as Memory            |  15458 |     0 |     64000 | 24.15 |
| Slice Registers            | 132470 |     0 |    407600 | 32.50 |
|   Register as Flip Flop    | 132470 |     0 |    407600 | 32.50 |
| Slice                      |  49820 |     0 |     50950 | 97.78 |
+----------------------------+--------+-------+-----------+-------+

2. Memory
---------

+----------------------------+--------+-------+-----------+-------+
|          Site Type         |  Used  | Fixed | Available | Util% |
+----------------------------+--------+-------+-----------+-------+
| Block RAM Tile             |    240 |     0 |       445 | 53.93 |
+----------------------------+--------+-------+-----------+-------+

3. DSP
------

+----------------------------+--------+-------+-----------+-------+
|          Site Type         |  Used  | Fixed | Available | Util% |
+----------------------------+--------+-------+-----------+-------+
| DSPs                       |    120 |     0 |       840 | 14.29 |
+----------------------------+--------+-------+-----------+-------+

4. IO and GT Specific
---------------------

+----------------------------+--------+-------+-----------+-------+
|          Site Type         |  Used  | Fixed | Available | Util% |
+----------------------------+--------+-------+-----------+-------+
| Bonded IOB                 |    186 |   186 |       500 | 37.20 |
+----------------------------+--------+-------+-----------+-------+

5. Clocking
-----------

+----------------------------+--------+-------+-----------+-------+
|          Site Type         |  Used  | Fixed | Available | Util% |
+----------------------------+--------+-------+-----------+-------+
| BUFGCTRL                   |      6 |     0 |        32 | 18.75 |
+----------------------------+--------+-------+-----------+-------+
