Copyright 1986-2024 Advanced Micro Devices, Inc. All Rights Reserved.
------------------------------------------------------------------------------------
| Tool Version : Vivado v.2024.2 (lin64) Build 5239630 Fri Nov 08 22:34:34 MST 2024
| Date         : Mon Jul 28 10:15:30 2025
| Host         : fpga-ws01 running 64-bit Red Hat Enterprise Linux release 8.8
| Command      : report_control_sets -verbose -file timing_analysis/raw/control_sets_impl_1.rpt
| Design       : top
| Device       : xc7k325tffg900-2
| Design State : Routed
------------------------------------------------------------------------------------

Control Set Information

1. Summary
----------

+-------------------------------------------------+-------+
|                     Status                      | Count |
+-------------------------------------------------+-------+
| Total control sets                              | 34210 |
| Number of unique control sets                   | 34210 |
| Minimum number of control sets                  | 12000 |
+-------------------------------------------------+-------+
