Copyright 1986-2024 Advanced Micro Devices, Inc. All Rights Reserved.
------------------------------------------------------------------------------------
| Tool Version : Vivado v.2024.2 (lin64) Build 5239630 Fri Nov 08 22:34:34 MST 2024
| Date         : Mon Jul 28 10:14:52 2025
| Host         : fpga-ws01 running 64-bit Red Hat Enterprise Linux release 8.8
| Command      : report_timing_summary -max_paths 10 -delay_type min_max -check_timing_verbose -report_unconstrained -significant_digits 3 -file timing_analysis/raw/timing_summary_impl.rpt
| Design       : top
| Device       : xc7k325tffg900-2
| Speed File   : -2  PRODUCTION 1.12 2019-09-04
| Design State : Routed
------------------------------------------------------------------------------------

Timing Summary Report

------------------------------------------------------------------------------------------------
| Timer Settings
| --------------
------------------------------------------------------------------------------------------------

  Enable Multi Corner Analysis               :  Yes
  Enable Pessimism Removal                   :  Yes
  Pessimism Removal Resolution               :  Nearest Common Node
  Enable Input Delay Default Clock           :  No
  Enable Preset / Clear Arcs                 :  No
  Disable Flight Delays                      :  No
  Ignore I/O Paths                           :  No
  Timing Early Launch at Borrowing Latches   :  No
  Borrow Time for Max Delay Exceptions       :  Yes
  Merge Timing Exceptions                    :  Yes


------------------------------------------------------------------------------------------------
| Check Timing (1222)
| -------------------
------------------------------------------------------------------------------------------------

 Table of Contents
 -----------------
1. checking no_clock (0)
2. checking constant_clock (0)
3. checking pulse_width_clock (0)
4. checking unconstrained_internal_endpoints (1204)
5. checking no_input_delay (14)
6. checking no_output_delay (4)
7. checking multiple_clock (0)
8. checking generated_clocks (0)
9. checking loops (0)
10. checking partial_input_delay (0)
11. checking partial_output_delay (0)
12. checking latch_loops (0)

1. checking no_clock (0)
------------------------
 There are 0 register/latch pins with no clock.


4. checking unconstrained_internal_endpoints (1204)
---------------------------------------------------
 There are 1204 pins that are not constrained for maximum delay.

 Related violations: <none>


5. checking no_input_delay (14)
-------------------------------
 There are 14 input ports with no input delay specified.


6. checking no_output_delay (4)
-------------------------------
 There are 4 ports with no output delay specified.


------------------------------------------------------------------------------------------------
| Design Timing Summary
| ---------------------
------------------------------------------------------------------------------------------------

    WNS(ns)      TNS(ns)  TNS Failing Endpoints  TNS Total Endpoints      WHS(ns)      THS(ns)  THS Failing Endpoints  THS Total Endpoints     WPWS(ns)     TPWS(ns)  TPWS Failing Endpoints  TPWS Total Endpoints
    -------      -------  ---------------------  -------------------      -------      -------  ---------------------  -------------------     --------     --------  ----------------------  --------------------
     -0.234      -12.456                     45                12034        0.021        0.000                      0                12034        3.500        0.000                       0                  3421


Timing constraints are not met.


------------------------------------------------------------------------------------------------
| Clock Summary
| -------------
------------------------------------------------------------------------------------------------

Clock              Waveform(ns)         Period(ns)      Frequency(MHz)
-----              ------------         ----------      --------------
clk_100            {0.000 5.000}        10.000          100.000
clk_200            {0.000 2.500}        5.000           200.000


------------------------------------------------------------------------------------------------
| Intra-Clock Table
| -----------------
------------------------------------------------------------------------------------------------

Clock             WNS(ns)      TNS(ns)  TNS Failing Endpoints  TNS Total Endpoints      WHS(ns)      THS(ns)  THS Failing Endpoints  THS Total Endpoints
-----             -------      -------  ---------------------  -------------------      -------      -------  ---------------------  -------------------
clk_100            0.512        0.000                      0                 8102        0.031        0.000                      0                 8102
clk_200           -0.234      -12.456                     45                 3932        0.021        0.000                      0                 3932


------------------------------------------------------------------------------------------------
| Timing Details
| --------------
------------------------------------------------------------------------------------------------


---------------------------------------------------------------------------------------------------
From Clock:  clk_200
  To Clock:  clk_200

Setup :           45  Failing Endpoints,  Worst Slack       -0.234ns,  Total Violation      -12.456ns
Hold  :            0  Failing Endpoints,  Worst Slack        0.021ns,  Total Violation        0.000ns
PW    :            0  Failing Endpoints,  Worst Slack        3.500ns,  Total Violation        0.000ns
---------------------------------------------------------------------------------------------------

Max Delay Paths
--------------------------------------------------------------------------------------
Slack (VIOLATED) :        -0.234ns  (required time - arrival time)
  Source:                 u_core/u_pipe/data_reg[3]/C
                            (rising edge-triggered cell FDRE clocked by clk_200  {rise@0.000 fall@2.500 period=5.000})
  Destination:            u_core/u_pipe/accum_reg[7]/D
                            (rising edge-triggered cell FDRE clocked by clk_200  {rise@0.000 fall@2.500 period=5.000})
  Path Group:             clk_200
  Path Type:              Setup (Max at Slow Process Corner)
  Requirement:            5.000ns  (clk_200 rise@5.000 - clk_200 rise@0.000)
  Data Path Delay:        4.987ns  (logic 1.210ns (24.263%)  route 3.777ns (75.737%))
  Logic Levels:           12  (LUT6=6 CARRY4=4 LUT3=2)
  Clock Path Skew:        -0.050ns (DCD - SCD + CPR)
    Destination Clock Delay (DCD):    5.100ns = ( 10.100 - 5.000 )
    Source Clock Delay      (SCD):    5.250ns
    Clock Pessimism Removal (CPR):    0.100ns
  Clock Uncertainty:      0.035ns  ((TSJ^2 + TIJ^2)^1/2 + DJ) / 2 + PE
    Total System Jitter     (TSJ):    0.071ns
    Total Input Jitter      (TIJ):    0.000ns
    Discrete Jitter          (DJ):    0.000ns
    Phase Error              (PE):    0.000ns

    Location             Delay type                Incr(ns)  Path(ns)    Netlist Resource(s)
  -------------------------------------------------------------------    -------------------
                         FDRE                         0.000     0.000 r  u_core/u_pipe/data_reg[3]/C
    SLICE_X12Y88         FDRE (Prop_fdre_C_Q)         0.419     5.669 r  u_core/u_pipe/data_reg[3]/Q
                         net (fo=14, routed)          1.204     6.873    u_core/u_pipe/data[3]
    SLICE_X14Y90         LUT6 (Prop_lut6_I0_O)        0.124     6.997 r  u_core/u_pipe/mult_i_1/O
                         net (fo=2, routed)           0.573     7.570    u_core/u_pipe/mult_n_0
    SLICE_X15Y90         FDRE                                            u_core/u_pipe/accum_reg[7]/D
  -------------------------------------------------------------------    -------------------

Slack (VIOLATED) :        -0.198ns  (required time - arrival time)
  Source:                 u_core/u_pipe/data_reg[5]/C
                            (rising edge-triggered cell FDRE clocked by clk_200  {rise@0.000 fall@2.500 period=5.000})
  Destination:            u_core/u_pipe/accum_reg[9]/D
                            (rising edge-triggered cell FDRE clocked by clk_200  {rise@0.000 fall@2.500 period=5.000})
  Path Group:             clk_200
  Path Type:              Setup (Max at Slow Process Corner)
  Requirement:            5.000ns  (clk_200 rise@5.000 - clk_200 rise@0.000)
  Data Path Delay:        4.951ns  (logic 1.180ns (23.834%)  route 3.771ns (76.166%))
  Logic Levels:           11  (LUT6=5 CARRY4=4 LUT3=2)
  Clock Path Skew:        -0.050ns (DCD - SCD + CPR)
  Clock Uncertainty:      0.035ns  ((TSJ^2 + TIJ^2)^1/2 + DJ) / 2 + PE

    Location             Delay type                Incr(ns)  Path(ns)    Netlist Resource(s)
  -------------------------------------------------------------------    -------------------
                         FDRE                         0.000     0.000 r  u_core/u_pipe/data_reg[5]/C
    SLICE_X12Y92         FDRE (Prop_fdre_C_Q)         0.419     5.669 r  u_core/u_pipe/data_reg[5]/Q
  -------------------------------------------------------------------    -------------------

Slack (VIOLATED) :        -0.041ns  (required time - arrival time)
  Source:                 u_io/rx_fifo/wr_ptr_reg[2]/C
                            (rising edge-triggered cell FDRE clocked by clk_200  {rise@0.000 fall@2.500 period=5.000})
  Destination:            u_io/rx_fifo/cnt_reg[4]/D
                            (rising edge-triggered cell FDRE clocked by clk_200  {rise@0.000 fall@2.500 period=5.000})
  Path Group:             clk_200
  Path Type:              Setup (Max at Slow Process Corner)
  Requirement:            5.000ns  (clk_200 rise@5.000 - clk_200 rise@0.000)
  Data Path Delay:        4.802ns  (logic 2.010ns (41.858%)  route 2.792ns (58.142%))
  Logic Levels:           8  (LUT6=4 CARRY4=4)
  Clock Path Skew:        -0.012ns (DCD - SCD + CPR)
  Clock Uncertainty:      0.035ns  ((TSJ^2 + TIJ^2)^1/2 + DJ) / 2 + PE

    Location             Delay type                Incr(ns)  Path(ns)    Netlist Resource(s)
  -------------------------------------------------------------------    -------------------
                         FDRE                         0.000     0.000 r  u_io/rx_fifo/wr_ptr_reg[2]/C
  -------------------------------------------------------------------    -------------------

Min Delay Paths
--------------------------------------------------------------------------------------
Slack (MET) :             0.021ns  (arrival time - required time)
  Source:                 u_core/u_pipe/shift_reg[0]/C
                            (rising edge-triggered cell FDRE clocked by clk_200  {rise@0.000 fall@2.500 period=5.000})
  Destination:            u_core/u_pipe/shift_reg[1]/D
                            (rising edge-triggered cell FDRE clocked by clk_200  {rise@0.000 fall@2.500 period=5.000})
  Path Group:             clk_200
  Path Type:              Hold (Min at Fast Process Corner)
  Requirement:            0.000ns  (clk_200 rise@0.000 - clk_200 rise@0.000)
  Data Path Delay:        0.184ns  (logic 0.141ns (76.630%)  route 0.043ns (23.370%))
  Logic Levels:           0
  Clock Path Skew:        0.101ns (DCD - SCD - CPR)
  Clock Uncertainty:      0.035ns  ((TSJ^2 + TIJ^2)^1/2 + DJ) / 2 + PE

    Location             Delay type                Incr(ns)  Path(ns)    Netlist Resource(s)
  -------------------------------------------------------------------    -------------------
                         FDRE                         0.000     0.000 r  u_core/u_pipe/shift_reg[0]/C
  -------------------------------------------------------------------    -------------------


---------------------------------------------------------------------------------------------------
From Clock:  clk_100
  To Clock:  clk_100

Setup :            0  Failing Endpoints,  Worst Slack        0.512ns,  Total Violation        0.000ns
Hold  :            0  Failing Endpoints,  Worst Slack        0.031ns,  Total Violation        0.000ns
PW    :            0  Failing Endpoints,  Worst Slack        4.500ns,  Total Violation        0.000ns
---------------------------------------------------------------------------------------------------

Max Delay Paths
--------------------------------------------------------------------------------------
Slack (MET) :             0.512ns  (required time - arrival time)
  Source:                 u_ctrl/state_reg[1]/C
                            (rising edge-triggered cell FDRE clocked by clk_100  {rise@0.000 fall@5.000 period=10.000})
  Destination:            u_ctrl/cmd_reg[0]/D
                            (rising edge-triggered cell FDRE clocked by clk_100  {rise@0.000 fall@5.000 period=10.000})
  Path Group:             clk_100
  Path Type:              Setup (Max at Slow Process Corner)
  Requirement:            10.000ns  (clk_100 rise@10.000 - clk_100 rise@0.000)
  Data Path Delay:        9.201ns  (logic 3.010ns (32.714%)  route 6.191ns (67.286%))
  Logic Levels:           9  (LUT6=5 CARRY4=4)
  Clock Path Skew:        0.020ns (DCD - SCD + CPR)
  Clock Uncertainty:      0.035ns  ((TSJ^2 + TIJ^2)^1/2 + DJ) / 2 + PE

    Location             Delay type                Incr(ns)  Path(ns)    Netlist Resource(s)
  -------------------------------------------------------------------    -------------------
                         FDRE                         0.000     0.000 r  u_ctrl/state_reg[1]/C
  -------------------------------------------------------------------    -------------------


------------------------------------------------------------------------------------------------
| Unconstrained Path Table
| ------------------------
------------------------------------------------------------------------------------------------

Path Group      From Clock      To Clock
----------      ----------      --------
(none)          **async_default**


