Copyright 1986-2024 Advanced Micro Devices, Inc. All Rights Reserved.
------------------------------------------------------------------------------------
| Tool Version : Vivado v.2024.2 (lin64) Build 5239630 Fri Nov 08 22:34:34 MST 2024
| Date         : Mon Jul 28 10:15:20 2025
| Host         : fpga-ws01 running 64-bit Red Hat Enterprise Linux release 8.8
| Command      : report_cdc -details -file timing_analysis/raw/cdc_impl_1.rpt
| Design       : top
| Device       : xc7k325tffg900-2
| Design State : Routed
------------------------------------------------------------------------------------

CDC Report

1. CDC Summary Report
---------------------

+----------+-------+
| Severity | Count |
+----------+-------+
| Critical |     2 |
| Warning  |     1 |
| Info     |     8 |
+----------+-------+

2. CDC Details
--------------

Severity  ID       Description                                       Source Clock  Destination Clock  Endpoints
--------  -------  ------------------------------------------------  ------------  -----------------  ---------
Critical  CDC-1    1-bit unknown CDC circuitry                       clk_100       clk_200            1
Critical  CDC-1    1-bit unknown CDC circuitry                       clk_200       clk_100            1
Warning   CDC-4    Multi-bit unknown CDC circuitry                   clk_100       clk_200            8
Info      CDC-11   Multi-bit synchronized with ASYNC_REG property    clk_200       clk_100            4
