Copyright 1986-2021 Xilinx, Inc. All Rights Reserved.
------------------------------------------------------------------------------------
| Tool Version : Vivado v.2021.2 (lin64) Build 3367213 Tue Oct 19 02:47:39 MDT 2021
| Date         : Mon Jul 28 10:15:30 2025
| Host         : fpga-ws01 running 64-bit Red Hat Enterprise Linux Server release 6.9
| Command      : report_control_sets -verbose -file timing_analysis/raw/control_sets_impl_1.rpt
| Design       : top
| Device       : 7k325tffg900-2
| Design State : Routed
------------------------------------------------------------------------------------

Control Set Information

1. Summary
----------

+-------------------------------------------------+-------+
|                     Status                      | Count |
+-------------------------------------------------+-------+
| Total control sets                              | 34210 |
| Number of unique control sets                   | 34210 |
| Minimum number of control sets                  | 12000 |
+-------------------------------------------------+-------+
